polling https://gtfsrt.api.translink.com.au/api/realtime/SEQ/VehiclePositions/Bus every 20s -> positions/
18:31:30  entities=950   new=950   buffered=950    flushed=0      bytes=150994
18:31:51  entities=950   new=446   buffered=1396   flushed=0      bytes=150998
18:32:11  entities=942   new=685   buffered=2081   flushed=0      bytes=149733
18:32:31  entities=936   new=894   buffered=2975   flushed=0      bytes=148776
18:32:51  entities=933   new=681   buffered=3656   flushed=0      bytes=148314
18:33:11  entities=932   new=716   buffered=4372   flushed=0      bytes=148155
18:33:32  entities=929   new=887   buffered=0      flushed=5259   bytes=147668
18:33:52  entities=923   new=402   buffered=402    flushed=0      bytes=146719
18:34:12  entities=923   new=706   buffered=1108   flushed=0      bytes=146728
18:34:33  entities=922   new=678   buffered=1786   flushed=0      bytes=146571
18:34:53  entities=917   new=873   buffered=2659   flushed=0      bytes=145773
18:35:13  entities=913   new=426   buffered=3085   flushed=0      bytes=145135
18:35:34  entities=907   new=866   buffered=3951   flushed=0      bytes=144167
18:35:54  entities=904   new=418   buffered=4369   flushed=0      bytes=143692
18:36:14  entities=900   new=850   buffered=0      flushed=5219   bytes=143072
18:36:34  entities=899   new=439   buffered=439    flushed=0      bytes=142913
18:36:54  entities=899   new=848   buffered=1287   flushed=0      bytes=142920
18:37:15  entities=897   new=417   buffered=1704   flushed=0      bytes=142606
18:37:35  entities=894   new=646   buffered=2350   flushed=0      bytes=142136
18:37:55  entities=894   new=719   buffered=3069   flushed=0      bytes=142120
18:38:16  entities=897   new=784   buffered=3853   flushed=0      bytes=142601
18:38:36  entities=893   new=656   buffered=4509   flushed=0      bytes=141967
18:38:56  entities=889   new=411   buffered=4920   flushed=0      bytes=141333
18:39:16  entities=882   new=832   buffered=0      flushed=5752   bytes=140202
18:39:37  entities=884   new=632   buffered=632    flushed=0      bytes=140522
18:40:17  entities=879   new=836   buffered=1468   flushed=0      bytes=139736
18:40:38  entities=877   new=631   buffered=2099   flushed=0      bytes=139431
18:40:59  entities=871   new=628   buffered=2727   flushed=0      bytes=138477
18:41:19  entities=867   new=649   buffered=3376   flushed=0      bytes=137834
18:41:39  entities=864   new=629   buffered=4005   flushed=0      bytes=137370
18:41:59  entities=868   new=422   buffered=4427   flushed=0      bytes=138004
18:42:20  entities=863   new=825   buffered=0      flushed=5252   bytes=137202
18:42:40  entities=862   new=639   buffered=639    flushed=0      bytes=137046
18:43:00  entities=860   new=655   buffered=1294   flushed=0      bytes=136725
18:43:21  entities=856   new=618   buffered=1912   flushed=0      bytes=136081
18:43:41  entities=853   new=630   buffered=2542   flushed=0      bytes=135591
18:44:01  entities=850   new=640   buffered=3182   flushed=0      bytes=135114
18:44:21  entities=842   new=607   buffered=3789   flushed=0      bytes=133842
18:44:42  entities=838   new=612   buffered=4401   flushed=0      bytes=133218
18:45:02  entities=833   new=787   buffered=0      flushed=5188   bytes=132428
18:45:23  entities=832   new=389   buffered=389    flushed=0      bytes=132274
18:45:43  entities=832   new=597   buffered=986    flushed=0      bytes=132280
18:46:03  entities=825   new=607   buffered=1593   flushed=0      bytes=131162
18:46:23  entities=825   new=604   buffered=2197   flushed=0      bytes=131169
18:46:44  entities=825   new=600   buffered=2797   flushed=0      bytes=131163
18:47:04  entities=825   new=383   buffered=3180   flushed=0      bytes=131159
18:47:25  entities=817   new=776   buffered=3956   flushed=0      bytes=129874
18:47:46  entities=816   new=378   buffered=4334   flushed=0      bytes=129717
18:48:06  entities=810   new=747   buffered=0      flushed=5081   bytes=128778
18:48:26  entities=810   new=40    buffered=40     flushed=0      bytes=128782
18:48:46  entities=812   new=757   buffered=797    flushed=0      bytes=129108
18:49:07  entities=809   new=578   buffered=1375   flushed=0      bytes=128630
18:49:27  entities=807   new=590   buffered=1965   flushed=0      bytes=128304
18:49:47  entities=807   new=616   buffered=2581   flushed=0      bytes=128309
18:50:08  entities=806   new=347   buffered=2928   flushed=0      bytes=128158
18:50:28  entities=807   new=762   buffered=3690   flushed=0      bytes=128310
18:50:48  entities=805   new=600   buffered=4290   flushed=0      bytes=127983
18:51:08  entities=796   new=746   buffered=0      flushed=5036   bytes=126574
18:51:29  entities=793   new=568   buffered=568    flushed=0      bytes=126093
18:51:50  entities=792   new=573   buffered=1141   flushed=0      bytes=125937
18:52:10  entities=788   new=595   buffered=1736   flushed=0      bytes=125293
18:52:30  entities=791   new=565   buffered=2301   flushed=0      bytes=125758
18:52:51  entities=789   new=571   buffered=2872   flushed=0      bytes=125434
18:53:11  entities=785   new=573   buffered=3445   flushed=0      bytes=124794
18:53:32  entities=786   new=582   buffered=4027   flushed=0      bytes=124950
18:53:52  entities=783   new=566   buffered=4593   flushed=0      bytes=124468
18:54:13  entities=782   new=386   buffered=4979   flushed=0      bytes=124304
18:54:33  entities=778   new=731   buffered=0      flushed=5710   bytes=123670
18:54:53  entities=776   new=354   buffered=354    flushed=0      bytes=123355
18:55:13  entities=767   new=723   buffered=1077   flushed=0      bytes=121928
18:55:34  entities=766   new=555   buffered=1632   flushed=0      bytes=121776
18:55:55  entities=764   new=353   buffered=1985   flushed=0      bytes=121465
18:56:15  entities=762   new=717   buffered=2702   flushed=0      bytes=121149
18:56:36  entities=756   new=551   buffered=3253   flushed=0      bytes=120184
18:56:56  entities=754   new=350   buffered=3603   flushed=0      bytes=119866
18:57:16  entities=747   new=527   buffered=4130   flushed=0      bytes=118759
18:57:36  entities=745   new=702   buffered=4832   flushed=0      bytes=118449
18:57:57  entities=743   new=347   buffered=0      flushed=5179   bytes=118138
18:58:17  entities=741   new=339   buffered=339    flushed=0      bytes=117832
18:58:37  entities=738   new=699   buffered=1038   flushed=0      bytes=117365
18:58:57  entities=735   new=339   buffered=1377   flushed=0      bytes=116879
18:59:17  entities=733   new=518   buffered=1895   flushed=0      bytes=116561
18:59:37  entities=727   new=687   buffered=2582   flushed=0      bytes=115597
18:59:58  entities=718   new=318   buffered=2900   flushed=0      bytes=114168
19:00:18  entities=711   new=672   buffered=3572   flushed=0      bytes=113057
19:00:39  entities=708   new=505   buffered=4077   flushed=0      bytes=112573
19:00:59  entities=702   new=323   buffered=4400   flushed=0      bytes=111622
19:01:19  entities=702   new=507   buffered=4907   flushed=0      bytes=111618
19:01:39  entities=707   new=667   buffered=0      flushed=5574   bytes=112408
19:02:00  entities=709   new=328   buffered=328    flushed=0      bytes=112717
19:02:20  entities=704   new=663   buffered=991    flushed=0      bytes=111925
19:02:40  entities=705   new=517   buffered=1508   flushed=0      bytes=112080
19:03:01  entities=702   new=327   buffered=1835   flushed=0      bytes=111602
19:03:21  entities=700   new=662   buffered=2497   flushed=0      bytes=111274
19:03:41  entities=698   new=491   buffered=2988   flushed=0      bytes=110972
19:04:01  entities=695   new=315   buffered=3303   flushed=0      bytes=110482
19:04:21  entities=692   new=652   buffered=3955   flushed=0      bytes=109996
19:04:42  entities=685   new=500   buffered=4455   flushed=0      bytes=108890
19:05:02  entities=684   new=320   buffered=4775   flushed=0      bytes=108726
19:05:22  entities=687   new=647   buffered=0      flushed=5422   bytes=109196
19:05:42  entities=686   new=488   buffered=488    flushed=0      bytes=109032
19:06:03  entities=680   new=313   buffered=801    flushed=0      bytes=108074
19:06:23  entities=677   new=637   buffered=1438   flushed=0      bytes=107605
19:06:43  entities=678   new=485   buffered=1923   flushed=0      bytes=107766
19:07:04  entities=673   new=636   buffered=2559   flushed=0      bytes=106980
19:07:24  entities=673   new=292   buffered=2851   flushed=0      bytes=106978
19:07:44  entities=668   new=492   buffered=3343   flushed=0      bytes=106185
19:08:04  entities=664   new=471   buffered=3814   flushed=0      bytes=105548
19:08:25  entities=662   new=605   buffered=4419   flushed=0      bytes=105239
19:08:45  entities=661   new=334   buffered=4753   flushed=0      bytes=105079
19:09:05  entities=653   new=614   buffered=0      flushed=5367   bytes=103813
19:09:25  entities=652   new=285   buffered=285    flushed=0      bytes=103655
19:09:46  entities=651   new=618   buffered=903    flushed=0      bytes=103508
19:10:06  entities=648   new=280   buffered=1183   flushed=0      bytes=103026
19:10:26  entities=651   new=464   buffered=1647   flushed=0      bytes=103513
19:10:47  entities=651   new=287   buffered=1934   flushed=0      bytes=103505
19:11:07  entities=650   new=610   buffered=2544   flushed=0      bytes=103344
19:11:27  entities=646   new=462   buffered=3006   flushed=0      bytes=102707
19:11:48  entities=644   new=602   buffered=3608   flushed=0      bytes=102382
19:12:08  entities=637   new=456   buffered=4064   flushed=0      bytes=101275
19:12:29  entities=641   new=466   buffered=4530   flushed=0      bytes=101901
19:12:49  entities=641   new=460   buffered=4990   flushed=0      bytes=101902
19:13:09  entities=636   new=463   buffered=0      flushed=5453   bytes=101106
19:13:30  entities=633   new=588   buffered=588    flushed=0      bytes=100625
19:25:50  entities=572   new=554   buffered=1142   flushed=0      bytes=90953
19:26:10  entities=572   new=534   buffered=1676   flushed=0      bytes=90965
19:33:03  entities=547   new=527   buffered=2203   flushed=0      bytes=86979
19:33:24  entities=546   new=238   buffered=2441   flushed=0      bytes=86819
19:33:44  entities=546   new=507   buffered=2948   flushed=0      bytes=86815
19:34:04  entities=546   new=389   buffered=3337   flushed=0      bytes=86810
19:34:24  entities=542   new=237   buffered=3574   flushed=0      bytes=86179
19:34:44  entities=540   new=499   buffered=4073   flushed=0      bytes=85862
19:35:04  entities=540   new=260   buffered=4333   flushed=0      bytes=85869
19:35:25  entities=541   new=498   buffered=4831   flushed=0      bytes=86025
19:35:45  entities=540   new=368   buffered=0      flushed=5199   bytes=85864
19:36:06  entities=540   new=391   buffered=391    flushed=0      bytes=85872
19:36:26  entities=538   new=224   buffered=615    flushed=0      bytes=85560
19:36:46  entities=539   new=496   buffered=1111   flushed=0      bytes=85709
19:37:06  entities=538   new=242   buffered=1353   flushed=0      bytes=85552
19:37:27  entities=535   new=378   buffered=1731   flushed=0      bytes=85078
19:37:47  entities=529   new=491   buffered=2222   flushed=0      bytes=84116
19:38:07  entities=529   new=366   buffered=2588   flushed=0      bytes=84121
19:38:28  entities=532   new=376   buffered=2964   flushed=0      bytes=84597
19:38:48  entities=529   new=396   buffered=3360   flushed=0      bytes=84126
19:39:08  entities=529   new=353   buffered=3713   flushed=0      bytes=84127
19:39:29  entities=528   new=356   buffered=4069   flushed=0      bytes=83970
19:39:49  entities=524   new=368   buffered=4437   flushed=0      bytes=83334
19:40:09  entities=521   new=221   buffered=4658   flushed=0      bytes=82870
19:40:29  entities=526   new=481   buffered=0      flushed=5139   bytes=83651
19:40:50  entities=525   new=356   buffered=356    flushed=0      bytes=83500
19:41:10  entities=524   new=368   buffered=724    flushed=0      bytes=83337
19:41:31  entities=525   new=360   buffered=1084   flushed=0      bytes=83500
19:41:51  entities=521   new=355   buffered=1439   flushed=0      bytes=82857
19:42:11  entities=517   new=472   buffered=1911   flushed=0      bytes=82219
19:42:32  entities=517   new=351   buffered=2262   flushed=0      bytes=82212
19:42:52  entities=516   new=246   buffered=2508   flushed=0      bytes=82053
19:43:12  entities=518   new=473   buffered=2981   flushed=0      bytes=82370
19:43:33  entities=517   new=354   buffered=3335   flushed=0      bytes=82215
19:43:53  entities=517   new=244   buffered=3579   flushed=0      bytes=82217
19:44:14  entities=515   new=353   buffered=3932   flushed=0      bytes=81897
19:44:34  entities=514   new=355   buffered=4287   flushed=0      bytes=81731
19:44:55  entities=514   new=353   buffered=4640   flushed=0      bytes=81733
19:45:15  entities=509   new=346   buffered=4986   flushed=0      bytes=80933
19:45:35  entities=509   new=236   buffered=0      flushed=5222   bytes=80928
19:45:56  entities=503   new=459   buffered=459    flushed=0      bytes=79975
19:46:16  entities=499   new=341   buffered=800    flushed=0      bytes=79345
19:46:36  entities=496   new=342   buffered=1142   flushed=0      bytes=78876
19:46:56  entities=497   new=215   buffered=1357   flushed=0      bytes=79041
19:47:17  entities=495   new=350   buffered=1707   flushed=0      bytes=78719
19:47:37  entities=496   new=337   buffered=2044   flushed=0      bytes=78874
19:47:57  entities=493   new=444   buffered=2488   flushed=0      bytes=78391
19:48:37  entities=489   new=443   buffered=2931   flushed=0      bytes=77769
19:48:58  entities=491   new=427   buffered=3358   flushed=0      bytes=78086
19:49:18  entities=487   new=230   buffered=3588   flushed=0      bytes=77441
19:49:38  entities=483   new=330   buffered=3918   flushed=0      bytes=76814
19:49:59  entities=482   new=327   buffered=4245   flushed=0      bytes=76659
89297 rows in 17 files under positions/
polling https://gtfsrt.api.translink.com.au/api/realtime/SEQ/VehiclePositions/Bus every 20s -> positions/
22:59:22  entities=186   new=186   buffered=186    flushed=0      bytes=29594
22:59:42  entities=186   new=175   buffered=361    flushed=0      bytes=29594
23:00:02  entities=186   new=76    buffered=437    flushed=0      bytes=29594
23:00:22  entities=185   new=175   buffered=612    flushed=0      bytes=29440
23:00:43  entities=186   new=92    buffered=704    flushed=0      bytes=29601
23:01:03  entities=182   new=79    buffered=783    flushed=0      bytes=28962
23:01:23  entities=184   new=173   buffered=956    flushed=0      bytes=29273
23:01:43  entities=183   new=136   buffered=1092   flushed=0      bytes=29109
23:02:04  entities=185   new=80    buffered=1172   flushed=0      bytes=29428
23:02:24  entities=185   new=174   buffered=1346   flushed=0      bytes=29433
23:02:44  entities=183   new=124   buffered=1470   flushed=0      bytes=29121
23:03:04  entities=182   new=80    buffered=1550   flushed=0      bytes=28958
23:03:24  entities=183   new=174   buffered=1724   flushed=0      bytes=29120
23:03:45  entities=184   new=175   buffered=1899   flushed=0      bytes=29281
23:04:05  entities=184   new=142   buffered=2041   flushed=0      bytes=29279
23:04:25  entities=184   new=0     buffered=0      flushed=2041   bytes=29281
23:04:46  entities=180   new=169   buffered=169    flushed=0      bytes=28641
23:05:07  entities=179   new=123   buffered=292    flushed=0      bytes=28485
23:05:27  entities=178   new=125   buffered=417    flushed=0      bytes=28331
23:05:47  entities=177   new=166   buffered=583    flushed=0      bytes=28175
23:06:07  entities=177   new=83    buffered=666    flushed=0      bytes=28171
23:06:27  entities=179   new=170   buffered=836    flushed=0      bytes=28485
23:06:48  entities=177   new=135   buffered=971    flushed=0      bytes=28167
23:07:08  entities=177   new=134   buffered=1105   flushed=0      bytes=28168
23:07:28  entities=177   new=138   buffered=1243   flushed=0      bytes=28166
23:07:49  entities=177   new=122   buffered=1365   flushed=0      bytes=28163
23:08:09  entities=177   new=124   buffered=1489   flushed=0      bytes=28162
23:08:29  entities=177   new=132   buffered=1621   flushed=0      bytes=28159
23:08:50  entities=176   new=127   buffered=1748   flushed=0      bytes=27997
23:09:10  entities=174   new=127   buffered=1875   flushed=0      bytes=27680
23:09:30  entities=174   new=163   buffered=0      flushed=2038   bytes=27679
23:09:51  entities=174   new=76    buffered=76     flushed=0      bytes=27680
23:10:11  entities=174   new=128   buffered=204    flushed=0      bytes=27681
23:10:33  entities=173   new=124   buffered=328    flushed=0      bytes=27525
23:10:53  entities=173   new=125   buffered=453    flushed=0      bytes=27520
23:11:13  entities=172   new=162   buffered=615    flushed=0      bytes=27362
23:11:33  entities=171   new=80    buffered=695    flushed=0      bytes=27198
23:11:53  entities=172   new=161   buffered=856    flushed=0      bytes=27357
23:12:34  entities=171   new=117   buffered=973    flushed=0      bytes=27203
23:12:54  entities=167   new=155   buffered=1128   flushed=0      bytes=26573
23:13:14  entities=164   new=113   buffered=1241   flushed=0      bytes=26096
23:13:35  entities=166   new=72    buffered=1313   flushed=0      bytes=26411
23:13:55  entities=164   new=151   buffered=1464   flushed=0      bytes=26102
23:14:15  entities=164   new=118   buffered=1582   flushed=0      bytes=26101
23:14:35  entities=164   new=68    buffered=0      flushed=1650   bytes=26103
23:14:56  entities=164   new=116   buffered=116    flushed=0      bytes=26102
23:15:16  entities=164   new=112   buffered=228    flushed=0      bytes=26101
23:15:36  entities=163   new=155   buffered=383    flushed=0      bytes=25944
23:15:57  entities=161   new=70    buffered=453    flushed=0      bytes=25624
23:16:17  entities=160   new=109   buffered=562    flushed=0      bytes=25466
23:16:37  entities=159   new=153   buffered=715    flushed=0      bytes=25302
23:16:57  entities=158   new=66    buffered=781    flushed=0      bytes=25142
23:17:17  entities=157   new=150   buffered=931    flushed=0      bytes=24988
23:17:37  entities=156   new=114   buffered=1045   flushed=0      bytes=24829
23:17:58  entities=155   new=67    buffered=1112   flushed=0      bytes=24666
23:18:18  entities=153   new=146   buffered=1258   flushed=0      bytes=24347
23:18:38  entities=153   new=74    buffered=1332   flushed=0      bytes=24346
23:18:58  entities=150   new=142   buffered=1474   flushed=0      bytes=23871
23:19:19  entities=152   new=119   buffered=1593   flushed=0      bytes=24189
23:19:39  entities=151   new=142   buffered=0      flushed=1735   bytes=24032
23:20:00  entities=151   new=69    buffered=69     flushed=0      bytes=24032
23:20:20  entities=151   new=104   buffered=173    flushed=0      bytes=24031
23:20:41  entities=151   new=109   buffered=282    flushed=0      bytes=24029
23:21:01  entities=151   new=144   buffered=426    flushed=0      bytes=24030
23:21:42  entities=150   new=144   buffered=570    flushed=0      bytes=23861
23:22:02  entities=150   new=69    buffered=639    flushed=0      bytes=23862
23:22:22  entities=149   new=143   buffered=782    flushed=0      bytes=23707
23:22:42  entities=149   new=100   buffered=882    flushed=0      bytes=23705
23:23:03  entities=150   new=144   buffered=1026   flushed=0      bytes=23861
23:23:23  entities=150   new=74    buffered=1100   flushed=0      bytes=23862
23:23:43  entities=149   new=99    buffered=1199   flushed=0      bytes=23703
23:24:04  entities=146   new=139   buffered=1338   flushed=0      bytes=23224
23:24:24  entities=146   new=74    buffered=1412   flushed=0      bytes=23225
23:24:44  entities=146   new=97    buffered=0      flushed=1509   bytes=23226
23:25:04  entities=144   new=112   buffered=112    flushed=0      bytes=22911
23:25:25  entities=143   new=136   buffered=248    flushed=0      bytes=22764
23:25:45  entities=143   new=65    buffered=313    flushed=0      bytes=22766
23:26:05  entities=143   new=68    buffered=381    flushed=0      bytes=22761
23:26:25  entities=142   new=137   buffered=518    flushed=0      bytes=22604
23:26:46  entities=140   new=135   buffered=653    flushed=0      bytes=22279
23:27:06  entities=141   new=92    buffered=745    flushed=0      bytes=22433
23:27:26  entities=138   new=68    buffered=813    flushed=0      bytes=21960
23:27:47  entities=137   new=132   buffered=945    flushed=0      bytes=21807
23:28:07  entities=137   new=61    buffered=1006   flushed=0      bytes=21805
23:28:27  entities=136   new=129   buffered=1135   flushed=0      bytes=21645
23:28:48  entities=135   new=60    buffered=1195   flushed=0      bytes=21489
23:29:08  entities=135   new=128   buffered=1323   flushed=0      bytes=21483
23:29:28  entities=133   new=100   buffered=1423   flushed=0      bytes=21168
23:29:48  entities=132   new=90    buffered=0      flushed=1513   bytes=21013
23:30:09  entities=132   new=93    buffered=93     flushed=0      bytes=21013
23:30:29  entities=131   new=123   buffered=216    flushed=0      bytes=20855
23:30:50  entities=131   new=62    buffered=278    flushed=0      bytes=20858
23:31:10  entities=129   new=96    buffered=374    flushed=0      bytes=20532
23:31:31  entities=127   new=91    buffered=465    flushed=0      bytes=20206
23:31:51  entities=126   new=89    buffered=554    flushed=0      bytes=20052
23:32:12  entities=126   new=63    buffered=617    flushed=0      bytes=20053
23:32:32  entities=126   new=89    buffered=706    flushed=0      bytes=20053
23:32:52  entities=126   new=119   buffered=825    flushed=0      bytes=20049
23:33:12  entities=125   new=85    buffered=910    flushed=0      bytes=19892
23:33:33  entities=125   new=98    buffered=1008   flushed=0      bytes=19895
23:33:53  entities=124   new=90    buffered=1098   flushed=0      bytes=19735
23:34:13  entities=124   new=119   buffered=1217   flushed=0      bytes=19731
23:34:34  entities=124   new=58    buffered=1275   flushed=0      bytes=19733
23:34:55  entities=121   new=90    buffered=0      flushed=1365   bytes=19257
23:35:15  entities=117   new=114   buffered=114    flushed=0      bytes=18616
23:35:36  entities=117   new=48    buffered=162    flushed=0      bytes=18614
23:35:56  entities=117   new=88    buffered=250    flushed=0      bytes=18609
23:36:16  entities=116   new=113   buffered=363    flushed=0      bytes=18443
23:36:36  entities=116   new=80    buffered=443    flushed=0      bytes=18445
23:36:57  entities=116   new=68    buffered=511    flushed=0      bytes=18440
23:37:17  entities=116   new=85    buffered=596    flushed=0      bytes=18444
23:37:37  entities=115   new=111   buffered=707    flushed=0      bytes=18286
23:37:57  entities=115   new=84    buffered=791    flushed=0      bytes=18288
23:38:18  entities=113   new=89    buffered=880    flushed=0      bytes=17970
23:38:38  entities=113   new=80    buffered=960    flushed=0      bytes=17965
23:38:58  entities=112   new=55    buffered=1015   flushed=0      bytes=17807
23:39:18  entities=110   new=106   buffered=1121   flushed=0      bytes=17487
23:39:38  entities=110   new=82    buffered=1203   flushed=0      bytes=17487
23:39:59  entities=109   new=52    buffered=0      flushed=1255   bytes=17327
23:40:19  entities=109   new=80    buffered=80     flushed=0      bytes=17325
23:40:39  entities=107   new=102   buffered=182    flushed=0      bytes=17004
23:40:59  entities=107   new=77    buffered=259    flushed=0      bytes=17011
23:41:20  entities=105   new=78    buffered=337    flushed=0      bytes=16697
23:41:40  entities=105   new=48    buffered=385    flushed=0      bytes=16695
23:42:00  entities=106   new=81    buffered=466    flushed=0      bytes=16861
23:42:20  entities=102   new=99    buffered=565    flushed=0      bytes=16222
23:42:41  entities=101   new=76    buffered=641    flushed=0      bytes=16071
23:43:01  entities=100   new=55    buffered=696    flushed=0      bytes=15912
23:43:21  entities=100   new=67    buffered=763    flushed=0      bytes=15911
23:43:41  entities=98    new=94    buffered=857    flushed=0      bytes=15604
23:44:01  entities=97    new=45    buffered=902    flushed=0      bytes=15441
23:44:22  entities=96    new=92    buffered=994    flushed=0      bytes=15281
23:44:42  entities=96    new=74    buffered=1068   flushed=0      bytes=15279
23:45:02  entities=96    new=92    buffered=0      flushed=1160   bytes=15281
23:45:22  entities=94    new=43    buffered=43     flushed=0      bytes=14964
23:45:42  entities=94    new=91    buffered=134    flushed=0      bytes=14963
23:46:03  entities=93    new=37    buffered=171    flushed=0      bytes=14803
23:46:23  entities=90    new=88    buffered=259    flushed=0      bytes=14325
23:46:43  entities=88    new=39    buffered=298    flushed=0      bytes=14005
23:47:04  entities=87    new=85    buffered=383    flushed=0      bytes=13833
23:47:24  entities=87    new=70    buffered=453    flushed=0      bytes=13837
23:47:45  entities=86    new=44    buffered=497    flushed=0      bytes=13672
23:48:05  entities=85    new=82    buffered=579    flushed=0      bytes=13515
23:48:25  entities=84    new=52    buffered=631    flushed=0      bytes=13352
23:48:46  entities=84    new=54    buffered=685    flushed=0      bytes=13351
23:49:06  entities=84    new=83    buffered=768    flushed=0      bytes=13356
23:49:26  entities=84    new=42    buffered=810    flushed=0      bytes=13359
23:49:46  entities=84    new=61    buffered=871    flushed=0      bytes=13357
23:50:06  entities=82    new=81    buffered=0      flushed=952    bytes=13034
23:50:27  entities=80    new=37    buffered=37     flushed=0      bytes=12719
23:50:47  entities=79    new=60    buffered=97     flushed=0      bytes=12566
23:51:07  entities=77    new=61    buffered=158    flushed=0      bytes=12249
23:51:27  entities=78    new=62    buffered=220    flushed=0      bytes=12410
23:51:47  entities=78    new=75    buffered=295    flushed=0      bytes=12415
23:52:08  entities=78    new=34    buffered=329    flushed=0      bytes=12413
23:52:28  entities=76    new=74    buffered=403    flushed=0      bytes=12096
23:52:48  entities=75    new=33    buffered=436    flushed=0      bytes=11938
23:53:09  entities=75    new=60    buffered=496    flushed=0      bytes=11938
23:53:29  entities=73    new=73    buffered=569    flushed=0      bytes=11621
23:53:49  entities=72    new=54    buffered=623    flushed=0      bytes=11462
23:54:09  entities=71    new=34    buffered=657    flushed=0      bytes=11303
23:54:29  entities=69    new=67    buffered=724    flushed=0      bytes=10987
23:54:50  entities=69    new=51    buffered=775    flushed=0      bytes=10987
23:55:10  entities=66    new=64    buffered=0      flushed=839    bytes=10509
23:55:31  entities=65    new=35    buffered=35     flushed=0      bytes=10351
23:55:51  entities=62    new=45    buffered=80     flushed=0      bytes=9877
23:56:11  entities=61    new=46    buffered=126    flushed=0      bytes=9717
23:56:31  entities=59    new=31    buffered=157    flushed=0      bytes=9400
23:56:51  entities=57    new=39    buffered=196    flushed=0      bytes=9080
23:57:11  entities=55    new=55    buffered=251    flushed=0      bytes=8766
23:57:32  entities=53    new=52    buffered=303    flushed=0      bytes=8446
23:57:52  entities=52    new=25    buffered=328    flushed=0      bytes=8286
23:58:12  entities=52    new=39    buffered=367    flushed=0      bytes=8285
23:58:32  entities=52    new=51    buffered=418    flushed=0      bytes=8285
23:58:52  entities=53    new=32    buffered=450    flushed=0      bytes=8448
23:59:12  entities=53    new=42    buffered=492    flushed=0      bytes=8450
23:59:32  entities=52    new=50    buffered=542    flushed=0      bytes=8291
23:59:53  entities=52    new=27    buffered=569    flushed=0      bytes=8292
00:00:13  entities=52    new=40    buffered=0      flushed=609    bytes=8292
00:00:33  entities=52    new=0     buffered=0      flushed=0      bytes=8292
00:00:54  entities=49    new=37    buffered=37     flushed=0      bytes=7816
00:01:14  entities=47    new=27    buffered=64     flushed=0      bytes=7507
00:01:34  entities=46    new=31    buffered=95     flushed=0      bytes=7347
00:01:54  entities=47    new=24    buffered=119    flushed=0      bytes=7506
00:02:15  entities=47    new=25    buffered=144    flushed=0      bytes=7507
00:02:35  entities=47    new=0     buffered=144    flushed=0      bytes=7507
00:02:55  entities=46    new=16    buffered=160    flushed=0      bytes=7348
00:03:15  entities=45    new=0     buffered=160    flushed=0      bytes=7189
00:03:36  entities=44    new=44    buffered=204    flushed=0      bytes=7026
00:03:56  entities=41    new=41    buffered=245    flushed=0      bytes=6544
00:04:16  entities=41    new=32    buffered=277    flushed=0      bytes=6544
00:04:37  entities=39    new=38    buffered=315    flushed=0      bytes=6226
00:04:57  entities=38    new=32    buffered=347    flushed=0      bytes=6070
00:05:37  entities=39    new=39    buffered=0      flushed=386    bytes=6230
00:05:57  entities=38    new=30    buffered=30     flushed=0      bytes=6070
00:06:18  entities=38    new=28    buffered=58     flushed=0      bytes=6068
00:06:38  entities=38    new=29    buffered=87     flushed=0      bytes=6071
00:06:58  entities=38    new=28    buffered=115    flushed=0      bytes=6073
00:07:19  entities=37    new=29    buffered=144    flushed=0      bytes=5915
00:07:39  entities=37    new=27    buffered=171    flushed=0      bytes=5914
00:08:00  entities=37    new=18    buffered=189    flushed=0      bytes=5914
00:08:20  entities=35    new=34    buffered=223    flushed=0      bytes=5594
00:08:40  entities=32    new=30    buffered=253    flushed=0      bytes=5116
00:09:01  entities=32    new=15    buffered=268    flushed=0      bytes=5116
00:09:21  entities=32    new=23    buffered=291    flushed=0      bytes=5118
00:09:41  entities=32    new=16    buffered=307    flushed=0      bytes=5118
00:10:01  entities=30    new=29    buffered=336    flushed=0      bytes=4799
00:10:22  entities=26    new=11    buffered=347    flushed=0      bytes=4160
00:10:42  entities=26    new=15    buffered=0      flushed=362    bytes=4160
00:11:02  entities=26    new=25    buffered=25     flushed=0      bytes=4159
00:11:22  entities=26    new=20    buffered=45     flushed=0      bytes=4157
00:11:43  entities=27    new=23    buffered=68     flushed=0      bytes=4317
00:12:04  entities=27    new=20    buffered=88     flushed=0      bytes=4317
00:12:24  entities=27    new=26    buffered=114    flushed=0      bytes=4317
00:12:44  entities=27    new=17    buffered=131    flushed=0      bytes=4317
00:13:05  entities=27    new=18    buffered=149    flushed=0      bytes=4316
00:13:25  entities=26    new=25    buffered=174    flushed=0      bytes=4156
00:13:45  entities=26    new=14    buffered=188    flushed=0      bytes=4156
00:14:05  entities=24    new=17    buffered=205    flushed=0      bytes=3839
00:14:25  entities=22    new=21    buffered=226    flushed=0      bytes=3522
00:14:46  entities=22    new=11    buffered=237    flushed=0      bytes=3523
00:15:06  entities=21    new=15    buffered=252    flushed=0      bytes=3362
00:15:26  entities=21    new=18    buffered=270    flushed=0      bytes=3362
00:15:46  entities=20    new=18    buffered=0      flushed=288    bytes=3201
00:16:27  entities=18    new=18    buffered=18     flushed=0      bytes=2882
00:16:47  entities=17    new=17    buffered=35     flushed=0      bytes=2723
00:17:08  entities=16    new=13    buffered=48     flushed=0      bytes=2564
00:17:29  entities=16    new=11    buffered=59     flushed=0      bytes=2565
00:17:49  entities=16    new=11    buffered=70     flushed=0      bytes=2565
00:18:09  entities=17    new=17    buffered=87     flushed=0      bytes=2725
00:18:29  entities=17    new=7     buffered=94     flushed=0      bytes=2725
00:18:49  entities=16    new=13    buffered=107    flushed=0      bytes=2564
00:19:09  entities=16    new=16    buffered=123    flushed=0      bytes=2565
00:19:30  entities=16    new=8     buffered=131    flushed=0      bytes=2565
00:34:45  entities=10    new=10    buffered=141    flushed=0      bytes=1593
00:35:07  entities=10    new=5     buffered=146    flushed=0      bytes=1593
00:35:28  entities=10    new=6     buffered=152    flushed=0      bytes=1593
00:50:46  entities=8     new=8     buffered=0      flushed=160    bytes=1287
00:51:06  entities=8     new=2     buffered=2      flushed=0      bytes=1287
01:07:04  entities=9     new=9     buffered=11     flushed=0      bytes=1446
01:07:24  entities=8     new=5     buffered=16     flushed=0      bytes=1287
01:07:45  entities=8     new=5     buffered=21     flushed=0      bytes=1287
01:08:05  entities=8     new=4     buffered=25     flushed=0      bytes=1287
01:08:25  entities=8     new=8     buffered=33     flushed=0      bytes=1287
01:12:19  entities=8     new=6     buffered=39     flushed=0      bytes=1287
01:12:39  entities=8     new=6     buffered=45     flushed=0      bytes=1287
01:28:19  entities=6     new=5     buffered=50     flushed=0      bytes=969
01:28:39  entities=6     new=3     buffered=53     flushed=0      bytes=969
01:29:00  entities=6     new=5     buffered=58     flushed=0      bytes=969
01:45:57  entities=7     new=6     buffered=64     flushed=0      bytes=1128
01:46:17  entities=7     new=5     buffered=69     flushed=0      bytes=1128
02:02:03  entities=7     new=6     buffered=75     flushed=0      bytes=1128
02:02:23  entities=6     new=5     buffered=0      flushed=80     bytes=969
02:02:43  entities=6     new=2     buffered=2      flushed=0      bytes=969
02:03:04  entities=6     new=2     buffered=4      flushed=0      bytes=969
02:03:24  entities=6     new=5     buffered=9      flushed=0      bytes=969
02:03:44  entities=6     new=5     buffered=14     flushed=0      bytes=969
02:04:04  entities=6     new=4     buffered=18     flushed=0      bytes=969
02:04:24  entities=6     new=2     buffered=20     flushed=0      bytes=969
02:04:45  entities=6     new=5     buffered=25     flushed=0      bytes=969
02:20:34  entities=4     new=3     buffered=28     flushed=0      bytes=651
02:20:55  entities=5     new=4     buffered=32     flushed=0      bytes=810
02:21:15  entities=5     new=4     buffered=36     flushed=0      bytes=810
02:38:00  entities=3     new=3     buffered=39     flushed=0      bytes=492
02:38:20  entities=4     new=4     buffered=43     flushed=0      bytes=651
02:38:41  entities=4     new=4     buffered=47     flushed=0      bytes=651
02:55:55  entities=4     new=4     buffered=51     flushed=0      bytes=651
02:56:15  entities=4     new=3     buffered=0      flushed=54     bytes=651
03:11:54  entities=4     new=4     buffered=4      flushed=0      bytes=651
03:12:14  entities=4     new=4     buffered=8      flushed=0      bytes=651
03:28:00  entities=4     new=4     buffered=12     flushed=0      bytes=651
03:28:21  entities=4     new=3     buffered=15     flushed=0      bytes=651
03:28:42  entities=4     new=2     buffered=17     flushed=0      bytes=651
03:44:19  entities=5     new=5     buffered=22     flushed=0      bytes=810
03:44:39  entities=5     new=4     buffered=26     flushed=0      bytes=810
04:01:41  entities=5     new=5     buffered=31     flushed=0      bytes=810
04:02:02  entities=5     new=5     buffered=36     flushed=0      bytes=810
04:17:50  entities=8     new=8     buffered=44     flushed=0      bytes=1287
04:18:10  entities=8     new=7     buffered=51     flushed=0      bytes=1287
04:18:31  entities=8     new=3     buffered=54     flushed=0      bytes=1287
04:18:51  entities=8     new=7     buffered=61     flushed=0      bytes=1287
04:36:02  entities=14    new=14    buffered=75     flushed=0      bytes=2238
04:36:22  entities=13    new=11    buffered=0      flushed=86     bytes=2082
04:51:41  entities=20    new=19    buffered=19     flushed=0      bytes=3194
04:52:01  entities=20    new=10    buffered=29     flushed=0      bytes=3194
05:07:49  entities=31    new=31    buffered=60     flushed=0      bytes=4938
05:08:09  entities=34    new=32    buffered=92     flushed=0      bytes=5418
05:08:30  entities=34    new=28    buffered=120    flushed=0      bytes=5418
05:25:05  entities=62    new=62    buffered=182    flushed=0      bytes=9859
05:25:25  entities=65    new=23    buffered=205    flushed=0      bytes=10333
05:25:45  entities=65    new=62    buffered=267    flushed=0      bytes=10333
05:41:55  entities=125   new=124   buffered=391    flushed=0      bytes=19841
05:42:16  entities=126   new=122   buffered=513    flushed=0      bytes=20005
05:57:53  entities=205   new=203   buffered=716    flushed=0      bytes=32524
05:58:13  entities=207   new=196   buffered=912    flushed=0      bytes=32840
06:13:42  entities=288   new=286   buffered=1198   flushed=0      bytes=45644
06:14:02  entities=288   new=272   buffered=1470   flushed=0      bytes=45652
06:14:23  entities=291   new=205   buffered=0      flushed=1675   bytes=46125
06:17:31  entities=305   new=298   buffered=298    flushed=0      bytes=48344
06:17:52  entities=306   new=119   buffered=417    flushed=0      bytes=48507
06:33:34  entities=372   new=367   buffered=784    flushed=0      bytes=58949
06:33:54  entities=375   new=258   buffered=1042   flushed=0      bytes=59423
06:50:04  entities=437   new=433   buffered=1475   flushed=0      bytes=69282
06:50:25  entities=441   new=418   buffered=1893   flushed=0      bytes=69916
06:50:46  entities=442   new=187   buffered=2080   flushed=0      bytes=70073
07:06:56  entities=512   new=508   buffered=2588   flushed=0      bytes=81229
07:07:17  entities=512   new=224   buffered=2812   flushed=0      bytes=81224
07:24:24  entities=547   new=544   buffered=3356   flushed=0      bytes=86802
07:24:44  entities=548   new=261   buffered=3617   flushed=0      bytes=86954
07:40:40  entities=582   new=578   buffered=4195   flushed=0      bytes=92356
07:41:01  entities=586   new=452   buffered=4647   flushed=0      bytes=92997
07:41:22  entities=584   new=537   buffered=0      flushed=5184   bytes=92663
07:57:07  entities=626   new=618   buffered=618    flushed=0      bytes=99352
07:57:28  entities=629   new=485   buffered=1103   flushed=0      bytes=99830
08:15:03  entities=663   new=659   buffered=1762   flushed=0      bytes=105189
08:15:23  entities=666   new=640   buffered=2402   flushed=0      bytes=105677
08:15:44  entities=668   new=308   buffered=2710   flushed=0      bytes=105996
08:16:04  entities=672   new=476   buffered=3186   flushed=0      bytes=106633
08:16:24  entities=675   new=646   buffered=3832   flushed=0      bytes=107109
08:16:44  entities=676   new=296   buffered=4128   flushed=0      bytes=107261
08:17:05  entities=676   new=297   buffered=4425   flushed=0      bytes=107263
08:17:25  entities=673   new=641   buffered=0      flushed=5066   bytes=106788
08:17:45  entities=677   new=491   buffered=491    flushed=0      bytes=107426
08:18:05  entities=677   new=273   buffered=764    flushed=0      bytes=107431
08:18:26  entities=678   new=646   buffered=1410   flushed=0      bytes=107590
08:18:46  entities=679   new=486   buffered=1896   flushed=0      bytes=107747
08:19:07  entities=681   new=488   buffered=2384   flushed=0      bytes=108070
08:19:27  entities=678   new=478   buffered=2862   flushed=0      bytes=107592
08:19:47  entities=674   new=644   buffered=3506   flushed=0      bytes=106961
08:20:07  entities=678   new=510   buffered=4016   flushed=0      bytes=107605
08:20:28  entities=677   new=287   buffered=4303   flushed=0      bytes=107444
08:20:48  entities=682   new=631   buffered=4934   flushed=0      bytes=108237
08:21:09  entities=681   new=272   buffered=0      flushed=5206   bytes=108077
08:21:29  entities=683   new=644   buffered=644    flushed=0      bytes=108399
08:37:27  entities=733   new=719   buffered=1363   flushed=0      bytes=116315
08:37:48  entities=735   new=316   buffered=1679   flushed=0      bytes=116634
08:53:11  entities=775   new=750   buffered=2429   flushed=0      bytes=122994
08:53:32  entities=772   new=697   buffered=3126   flushed=0      bytes=122523
09:10:05  entities=750   new=719   buffered=3845   flushed=0      bytes=119089
09:10:26  entities=744   new=644   buffered=4489   flushed=0      bytes=118126
09:10:47  entities=744   new=675   buffered=0      flushed=5164   bytes=118129
09:18:32  entities=734   new=681   buffered=681    flushed=0      bytes=116550
09:18:52  entities=737   new=661   buffered=1342   flushed=0      bytes=117032
09:19:12  entities=740   new=499   buffered=1841   flushed=0      bytes=117495
09:34:45  entities=727   new=692   buffered=2533   flushed=0      bytes=115424
09:35:05  entities=729   new=647   buffered=3180   flushed=0      bytes=115742
09:50:31  entities=715   new=675   buffered=3855   flushed=0      bytes=113513
09:50:51  entities=713   new=632   buffered=4487   flushed=0      bytes=113198
10:06:44  entities=725   new=681   buffered=0      flushed=5168   bytes=115124
10:07:05  entities=723   new=640   buffered=640    flushed=0      bytes=114810
10:07:26  entities=724   new=312   buffered=952    flushed=0      bytes=114965
10:19:29  entities=713   new=663   buffered=1615   flushed=0      bytes=113207
10:19:49  entities=715   new=486   buffered=2101   flushed=0      bytes=113523
10:20:10  entities=715   new=493   buffered=2594   flushed=0      bytes=113529
10:38:02  entities=731   new=692   buffered=3286   flushed=0      bytes=116090
10:38:22  entities=727   new=509   buffered=3795   flushed=0      bytes=115446
10:54:01  entities=717   new=680   buffered=4475   flushed=0      bytes=113860
10:54:21  entities=716   new=545   buffered=0      flushed=5020   bytes=113695
10:54:42  entities=713   new=487   buffered=487    flushed=0      bytes=113221
11:10:20  entities=706   new=677   buffered=1164   flushed=0      bytes=112173
11:10:40  entities=704   new=635   buffered=1799   flushed=0      bytes=111847
11:20:28  entities=713   new=666   buffered=2465   flushed=0      bytes=113287
11:20:48  entities=720   new=652   buffered=3117   flushed=0      bytes=114402
11:21:08  entities=720   new=329   buffered=3446   flushed=0      bytes=114401
11:34:27  entities=716   new=682   buffered=4128   flushed=0      bytes=113742
11:34:47  entities=719   new=648   buffered=4776   flushed=0      bytes=114221
11:40:05  entities=713   new=665   buffered=0      flushed=5441   bytes=113274
11:40:26  entities=719   new=491   buffered=491    flushed=0      bytes=114227
11:40:47  entities=718   new=330   buffered=821    flushed=0      bytes=114069
11:41:48  entities=712   new=654   buffered=1475   flushed=0      bytes=113124
11:42:09  entities=714   new=496   buffered=1971   flushed=0      bytes=113450
11:42:29  entities=714   new=314   buffered=2285   flushed=0      bytes=113453
11:42:49  entities=712   new=652   buffered=2937   flushed=0      bytes=113141
11:43:09  entities=703   new=481   buffered=3418   flushed=0      bytes=111701
11:43:31  entities=703   new=639   buffered=4057   flushed=0      bytes=111700
11:43:51  entities=703   new=323   buffered=4380   flushed=0      bytes=111702
11:44:11  entities=703   new=313   buffered=4693   flushed=0      bytes=111693
11:44:32  entities=704   new=642   buffered=0      flushed=5335   bytes=111856
11:44:52  entities=701   new=477   buffered=477    flushed=0      bytes=111380
11:45:12  entities=705   new=490   buffered=967    flushed=0      bytes=112011
11:45:32  entities=701   new=639   buffered=1606   flushed=0      bytes=111374
11:45:53  entities=700   new=306   buffered=1912   flushed=0      bytes=111214
11:46:13  entities=703   new=505   buffered=2417   flushed=0      bytes=111701
11:46:33  entities=705   new=645   buffered=3062   flushed=0      bytes=112000
11:46:54  entities=702   new=298   buffered=3360   flushed=0      bytes=111523
11:47:14  entities=705   new=492   buffered=3852   flushed=0      bytes=112004
11:47:35  entities=704   new=301   buffered=4153   flushed=0      bytes=111848
11:47:55  entities=703   new=642   buffered=4795   flushed=0      bytes=111679
11:48:15  entities=700   new=645   buffered=0      flushed=5440   bytes=111203
11:48:36  entities=703   new=500   buffered=500    flushed=0      bytes=111680
11:48:56  entities=701   new=307   buffered=807    flushed=0      bytes=111361
11:49:16  entities=698   new=643   buffered=1450   flushed=0      bytes=110883
11:49:37  entities=699   new=490   buffered=1940   flushed=0      bytes=111057
11:49:57  entities=699   new=496   buffered=2436   flushed=0      bytes=111053
11:50:17  entities=699   new=297   buffered=2733   flushed=0      bytes=111057
11:50:37  entities=704   new=491   buffered=3224   flushed=0      bytes=111848
11:50:58  entities=708   new=651   buffered=3875   flushed=0      bytes=112487
11:51:18  entities=705   new=504   buffered=4379   flushed=0      bytes=111998
11:51:38  entities=704   new=291   buffered=4670   flushed=0      bytes=111842
11:51:59  entities=708   new=649   buffered=0      flushed=5319   bytes=112487
12:05:10  entities=714   new=685   buffered=685    flushed=0      bytes=113433
12:05:30  entities=718   new=655   buffered=1340   flushed=0      bytes=114074
12:05:52  entities=717   new=494   buffered=1834   flushed=0      bytes=113920
12:06:33  entities=718   new=648   buffered=2482   flushed=0      bytes=114085
12:06:53  entities=713   new=489   buffered=2971   flushed=0      bytes=113284
12:07:13  entities=710   new=474   buffered=3445   flushed=0      bytes=112799
12:07:34  entities=715   new=643   buffered=4088   flushed=0      bytes=113594
12:07:54  entities=715   new=331   buffered=4419   flushed=0      bytes=113597
12:08:14  entities=715   new=472   buffered=4891   flushed=0      bytes=113594
12:08:35  entities=710   new=638   buffered=0      flushed=5529   bytes=112794
12:14:27  entities=700   new=653   buffered=653    flushed=0      bytes=111205
12:14:47  entities=703   new=639   buffered=1292   flushed=0      bytes=111675
12:15:08  entities=702   new=307   buffered=1599   flushed=0      bytes=111520
12:15:28  entities=705   new=474   buffered=2073   flushed=0      bytes=111989
12:15:48  entities=712   new=647   buffered=2720   flushed=0      bytes=113099
12:16:08  entities=711   new=481   buffered=3201   flushed=0      bytes=112947
12:16:29  entities=707   new=507   buffered=3708   flushed=0      bytes=112309
12:16:50  entities=706   new=475   buffered=4183   flushed=0      bytes=112157
12:17:10  entities=705   new=470   buffered=4653   flushed=0      bytes=111994
12:17:31  entities=710   new=637   buffered=0      flushed=5290   bytes=112799
12:17:52  entities=710   new=473   buffered=473    flushed=0      bytes=112797
12:18:13  entities=710   new=302   buffered=775    flushed=0      bytes=112802
12:18:33  entities=712   new=497   buffered=1272   flushed=0      bytes=113124
12:18:53  entities=707   new=491   buffered=1763   flushed=0      bytes=112323
12:20:25  entities=713   new=653   buffered=2416   flushed=0      bytes=113280
12:20:45  entities=717   new=638   buffered=3054   flushed=0      bytes=113904
12:21:06  entities=715   new=503   buffered=3557   flushed=0      bytes=113592
12:21:26  entities=713   new=285   buffered=3842   flushed=0      bytes=113273
12:21:46  entities=715   new=641   buffered=4483   flushed=0      bytes=113586
12:22:07  entities=717   new=305   buffered=4788   flushed=0      bytes=113905
12:22:27  entities=714   new=485   buffered=0      flushed=5273   bytes=113427
12:22:47  entities=720   new=649   buffered=649    flushed=0      bytes=114381
12:23:07  entities=720   new=508   buffered=1157   flushed=0      bytes=114382
12:23:28  entities=719   new=295   buffered=1452   flushed=0      bytes=114225
12:23:48  entities=723   new=653   buffered=2105   flushed=0      bytes=114870
12:24:08  entities=721   new=514   buffered=2619   flushed=0      bytes=114552
12:24:29  entities=719   new=483   buffered=3102   flushed=0      bytes=114228
12:24:50  entities=718   new=315   buffered=3417   flushed=0      bytes=114067
12:25:10  entities=716   new=468   buffered=3885   flushed=0      bytes=113746
12:25:30  entities=715   new=650   buffered=4535   flushed=0      bytes=113593
12:25:50  entities=716   new=491   buffered=0      flushed=5026   bytes=113755
12:26:11  entities=714   new=508   buffered=508    flushed=0      bytes=113440
12:26:31  entities=714   new=652   buffered=1160   flushed=0      bytes=113445
12:26:52  entities=713   new=292   buffered=1452   flushed=0      bytes=113282
12:27:12  entities=709   new=640   buffered=2092   flushed=0      bytes=112660
12:27:33  entities=713   new=519   buffered=2611   flushed=0      bytes=113287
12:27:53  entities=712   new=272   buffered=2883   flushed=0      bytes=113133
12:28:13  entities=716   new=647   buffered=3530   flushed=0      bytes=113773
12:28:35  entities=714   new=500   buffered=4030   flushed=0      bytes=113455
12:28:55  entities=713   new=287   buffered=4317   flushed=0      bytes=113288
12:29:15  entities=709   new=642   buffered=4959   flushed=0      bytes=112649
12:29:36  entities=707   new=305   buffered=0      flushed=5264   bytes=112330
12:29:56  entities=705   new=486   buffered=486    flushed=0      bytes=112012
12:30:16  entities=709   new=645   buffered=1131   flushed=0      bytes=112651
12:30:37  entities=712   new=499   buffered=1630   flushed=0      bytes=113110
12:30:57  entities=711   new=302   buffered=1932   flushed=0      bytes=112951
12:31:17  entities=709   new=641   buffered=2573   flushed=0      bytes=112639
12:31:38  entities=710   new=486   buffered=3059   flushed=0      bytes=112779
12:31:58  entities=708   new=312   buffered=3371   flushed=0      bytes=112447
12:32:18  entities=711   new=637   buffered=4008   flushed=0      bytes=112933
12:32:40  entities=712   new=488   buffered=4496   flushed=0      bytes=113087
12:33:00  entities=709   new=290   buffered=4786   flushed=0      bytes=112615
12:33:20  entities=711   new=628   buffered=0      flushed=5414   bytes=112925
12:33:42  entities=709   new=266   buffered=266    flushed=0      bytes=112620
12:34:02  entities=708   new=637   buffered=903    flushed=0      bytes=112441
12:34:22  entities=706   new=317   buffered=1220   flushed=0      bytes=112130
12:34:43  entities=708   new=467   buffered=1687   flushed=0      bytes=112447
12:35:03  entities=710   new=504   buffered=2191   flushed=0      bytes=112766
12:35:23  entities=715   new=494   buffered=2685   flushed=0      bytes=113547
12:35:43  entities=719   new=645   buffered=3330   flushed=0      bytes=114197
12:36:04  entities=718   new=288   buffered=3618   flushed=0      bytes=114039
12:36:24  entities=720   new=651   buffered=4269   flushed=0      bytes=114349
12:36:44  entities=717   new=486   buffered=4755   flushed=0      bytes=113877
12:37:05  entities=718   new=490   buffered=0      flushed=5245   bytes=114039
12:37:26  entities=718   new=320   buffered=320    flushed=0      bytes=114042
12:37:46  entities=719   new=513   buffered=833    flushed=0      bytes=114204
12:38:06  entities=720   new=653   buffered=1486   flushed=0      bytes=114360
12:38:26  entities=720   new=326   buffered=1812   flushed=0      bytes=114357
12:38:46  entities=724   new=658   buffered=2470   flushed=0      bytes=114998
12:39:07  entities=723   new=499   buffered=2969   flushed=0      bytes=114838
12:39:27  entities=721   new=315   buffered=3284   flushed=0      bytes=114524
12:39:47  entities=717   new=510   buffered=3794   flushed=0      bytes=113874
12:40:08  entities=715   new=657   buffered=4451   flushed=0      bytes=113557
12:40:28  entities=714   new=298   buffered=4749   flushed=0      bytes=113399
12:40:48  entities=713   new=655   buffered=0      flushed=5404   bytes=113232
12:41:08  entities=712   new=508   buffered=508    flushed=0      bytes=113072
12:41:29  entities=711   new=314   buffered=822    flushed=0      bytes=112918
12:41:49  entities=707   new=641   buffered=1463   flushed=0      bytes=112290
12:42:09  entities=706   new=502   buffered=1965   flushed=0      bytes=112130
12:42:29  entities=706   new=481   buffered=2446   flushed=0      bytes=112135
12:42:50  entities=708   new=488   buffered=2934   flushed=0      bytes=112459
12:43:10  entities=713   new=497   buffered=3431   flushed=0      bytes=113252
12:43:30  entities=713   new=300   buffered=3731   flushed=0      bytes=113245
12:43:50  entities=709   new=641   buffered=4372   flushed=0      bytes=112604
12:44:10  entities=708   new=504   buffered=4876   flushed=0      bytes=112459
12:44:31  entities=706   new=288   buffered=0      flushed=5164   bytes=112142
12:44:51  entities=702   new=634   buffered=634    flushed=0      bytes=111511
12:45:11  entities=703   new=488   buffered=1122   flushed=0      bytes=111663
12:45:31  entities=708   new=472   buffered=1594   flushed=0      bytes=112458
12:45:52  entities=708   new=494   buffered=2088   flushed=0      bytes=112448
12:46:13  entities=707   new=497   buffered=2585   flushed=0      bytes=112279
12:46:33  entities=703   new=637   buffered=3222   flushed=0      bytes=111654
12:46:53  entities=705   new=481   buffered=3703   flushed=0      bytes=111963
12:47:13  entities=707   new=306   buffered=4009   flushed=0      bytes=112285
12:47:34  entities=707   new=302   buffered=4311   flushed=0      bytes=112288
12:47:54  entities=712   new=646   buffered=4957   flushed=0      bytes=113091
12:48:14  entities=712   new=491   buffered=0      flushed=5448   bytes=113094
12:48:36  entities=712   new=473   buffered=473    flushed=0      bytes=113088
12:48:56  entities=712   new=495   buffered=968    flushed=0      bytes=113092
12:49:17  entities=712   new=305   buffered=1273   flushed=0      bytes=113093
12:49:37  entities=713   new=304   buffered=1577   flushed=0      bytes=113253
12:49:57  entities=706   new=630   buffered=2207   flushed=0      bytes=112150
12:50:18  entities=704   new=341   buffered=2548   flushed=0      bytes=111838
12:50:38  entities=710   new=618   buffered=3166   flushed=0      bytes=112781
12:50:59  entities=710   new=454   buffered=3620   flushed=0      bytes=112783
12:51:19  entities=708   new=493   buffered=4113   flushed=0      bytes=112461
12:51:39  entities=713   new=314   buffered=4427   flushed=0      bytes=113263
12:51:59  entities=714   new=639   buffered=0      flushed=5066   bytes=113432
12:52:20  entities=713   new=491   buffered=491    flushed=0      bytes=113286
12:52:41  entities=708   new=304   buffered=795    flushed=0      bytes=112490
12:53:01  entities=710   new=648   buffered=1443   flushed=0      bytes=112794
12:53:21  entities=708   new=295   buffered=1738   flushed=0      bytes=112468
12:53:42  entities=710   new=500   buffered=2238   flushed=0      bytes=112789
12:54:02  entities=707   new=637   buffered=2875   flushed=0      bytes=112309
12:54:23  entities=709   new=308   buffered=3183   flushed=0      bytes=112633
12:54:43  entities=711   new=647   buffered=3830   flushed=0      bytes=112948
12:55:04  entities=715   new=305   buffered=4135   flushed=0      bytes=113592
12:55:24  entities=718   new=501   buffered=4636   flushed=0      bytes=114062
12:55:45  entities=717   new=502   buffered=0      flushed=5138   bytes=113896
12:56:05  entities=716   new=647   buffered=647    flushed=0      bytes=113742
12:56:26  entities=715   new=297   buffered=944    flushed=0      bytes=113584
12:56:46  entities=715   new=643   buffered=1587   flushed=0      bytes=113584
12:57:07  entities=716   new=489   buffered=2076   flushed=0      bytes=113744
12:57:27  entities=717   new=482   buffered=2558   flushed=0      bytes=113901
12:57:48  entities=719   new=497   buffered=3055   flushed=0      bytes=114221
12:58:08  entities=718   new=292   buffered=3347   flushed=0      bytes=114063
12:58:28  entities=716   new=496   buffered=3843   flushed=0      bytes=113742
12:58:50  entities=718   new=643   buffered=4486   flushed=0      bytes=114064
12:59:10  entities=721   new=492   buffered=4978   flushed=0      bytes=114541
12:59:30  entities=721   new=492   buffered=0      flushed=5470   bytes=114530
12:59:51  entities=720   new=488   buffered=488    flushed=0      bytes=114368
13:00:11  entities=720   new=499   buffered=987    flushed=0      bytes=114364
13:00:31  entities=725   new=481   buffered=1468   flushed=0      bytes=115151
13:00:51  entities=722   new=501   buffered=1969   flushed=0      bytes=114675
13:01:12  entities=725   new=644   buffered=2613   flushed=0      bytes=115148
13:01:53  entities=718   new=640   buffered=3253   flushed=0      bytes=114043
13:02:13  entities=718   new=486   buffered=3739   flushed=0      bytes=114044
13:02:33  entities=719   new=280   buffered=4019   flushed=0      bytes=114207
13:02:53  entities=721   new=646   buffered=4665   flushed=0      bytes=114536
13:03:13  entities=718   new=478   buffered=0      flushed=5143   bytes=114067
13:03:34  entities=721   new=636   buffered=636    flushed=0      bytes=114544
13:03:54  entities=719   new=308   buffered=944    flushed=0      bytes=114224
13:04:14  entities=721   new=482   buffered=1426   flushed=0      bytes=114537
13:04:34  entities=723   new=630   buffered=2056   flushed=0      bytes=114854
13:04:55  entities=724   new=305   buffered=2361   flushed=0      bytes=115017
13:05:15  entities=721   new=629   buffered=2990   flushed=0      bytes=114529
13:05:36  entities=726   new=491   buffered=3481   flushed=0      bytes=115333
13:05:56  entities=725   new=294   buffered=3775   flushed=0      bytes=115163
13:06:17  entities=721   new=633   buffered=4408   flushed=0      bytes=114520
13:06:37  entities=719   new=471   buffered=4879   flushed=0      bytes=114206
13:06:57  entities=721   new=489   buffered=0      flushed=5368   bytes=114525
13:07:18  entities=722   new=297   buffered=297    flushed=0      bytes=114681
13:07:39  entities=720   new=482   buffered=779    flushed=0      bytes=114342
13:07:59  entities=716   new=490   buffered=1269   flushed=0      bytes=113707
13:08:19  entities=716   new=640   buffered=1909   flushed=0      bytes=113711
13:08:40  entities=719   new=492   buffered=2401   flushed=0      bytes=114206
13:09:02  entities=717   new=295   buffered=2696   flushed=0      bytes=113887
13:09:23  entities=717   new=641   buffered=3337   flushed=0      bytes=113898
13:09:44  entities=721   new=648   buffered=3985   flushed=0      bytes=114534
13:10:06  entities=722   new=479   buffered=4464   flushed=0      bytes=114702
13:10:29  entities=727   new=505   buffered=4969   flushed=0      bytes=115489
13:10:49  entities=724   new=473   buffered=0      flushed=5442   bytes=115010
13:11:10  entities=727   new=506   buffered=506    flushed=0      bytes=115485
13:11:30  entities=727   new=299   buffered=805    flushed=0      bytes=115478
13:11:50  entities=726   new=499   buffered=1304   flushed=0      bytes=115320
13:12:10  entities=723   new=647   buffered=1951   flushed=0      bytes=114831
13:12:31  entities=721   new=496   buffered=2447   flushed=0      bytes=114507
13:12:51  entities=712   new=635   buffered=3082   flushed=0      bytes=113089
13:13:11  entities=712   new=319   buffered=3401   flushed=0      bytes=113085
13:13:32  entities=710   new=302   buffered=3703   flushed=0      bytes=112778
13:13:52  entities=710   new=634   buffered=4337   flushed=0      bytes=112773
13:14:13  entities=709   new=301   buffered=4638   flushed=0      bytes=112612
13:14:34  entities=708   new=636   buffered=0      flushed=5274   bytes=112457
13:14:54  entities=706   new=306   buffered=306    flushed=0      bytes=112139
13:15:15  entities=708   new=478   buffered=784    flushed=0      bytes=112451
13:15:35  entities=707   new=284   buffered=1068   flushed=0      bytes=112294
13:15:55  entities=713   new=638   buffered=1706   flushed=0      bytes=113232
13:16:16  entities=713   new=636   buffered=2342   flushed=0      bytes=113233
13:16:36  entities=712   new=503   buffered=2845   flushed=0      bytes=113076
13:16:56  entities=716   new=285   buffered=3130   flushed=0      bytes=113710
13:17:16  entities=714   new=645   buffered=3775   flushed=0      bytes=113404
13:17:37  entities=713   new=311   buffered=4086   flushed=0      bytes=113244
13:17:57  entities=708   new=643   buffered=4729   flushed=0      bytes=112448
13:18:18  entities=704   new=492   buffered=0      flushed=5221   bytes=111811
13:18:38  entities=707   new=291   buffered=291    flushed=0      bytes=112282
13:18:58  entities=706   new=487   buffered=778    flushed=0      bytes=112128
13:19:19  entities=706   new=638   buffered=1416   flushed=0      bytes=112126
13:19:39  entities=706   new=503   buffered=1919   flushed=0      bytes=112131
13:20:00  entities=708   new=486   buffered=2405   flushed=0      bytes=112451
13:20:20  entities=709   new=642   buffered=3047   flushed=0      bytes=112617
13:20:41  entities=709   new=492   buffered=3539   flushed=0      bytes=112621
13:21:22  entities=708   new=643   buffered=4182   flushed=0      bytes=112469
13:21:42  entities=709   new=642   buffered=4824   flushed=0      bytes=112617
13:22:03  entities=715   new=309   buffered=0      flushed=5133   bytes=113572
13:22:24  entities=714   new=499   buffered=499    flushed=0      bytes=113416
13:22:44  entities=711   new=498   buffered=997    flushed=0      bytes=112940
13:23:04  entities=716   new=653   buffered=1650   flushed=0      bytes=113728
13:23:25  entities=715   new=315   buffered=1965   flushed=0      bytes=113575
13:23:45  entities=721   new=662   buffered=2627   flushed=0      bytes=114523
13:24:06  entities=722   new=286   buffered=2913   flushed=0      bytes=114677
13:24:26  entities=724   new=518   buffered=3431   flushed=0      bytes=114997
13:24:46  entities=721   new=498   buffered=3929   flushed=0      bytes=114527
13:25:06  entities=724   new=666   buffered=4595   flushed=0      bytes=115006
13:25:27  entities=723   new=329   buffered=4924   flushed=0      bytes=114847
13:25:47  entities=724   new=505   buffered=0      flushed=5429   bytes=115014
13:26:07  entities=721   new=511   buffered=511    flushed=0      bytes=114537
13:26:28  entities=720   new=634   buffered=1145   flushed=0      bytes=114377
13:26:48  entities=717   new=527   buffered=1672   flushed=0      bytes=113902
13:27:08  entities=719   new=293   buffered=1965   flushed=0      bytes=114228
13:27:28  entities=723   new=659   buffered=2624   flushed=0      bytes=114865
13:27:49  entities=724   new=327   buffered=2951   flushed=0      bytes=115026
13:28:09  entities=725   new=665   buffered=3616   flushed=0      bytes=115189
13:28:30  entities=725   new=665   buffered=4281   flushed=0      bytes=115183
13:28:51  entities=723   new=319   buffered=4600   flushed=0      bytes=114866
13:29:11  entities=719   new=316   buffered=4916   flushed=0      bytes=114229
13:29:31  entities=717   new=658   buffered=0      flushed=5574   bytes=113905
13:29:53  entities=716   new=297   buffered=297    flushed=0      bytes=113742
13:30:13  entities=714   new=505   buffered=802    flushed=0      bytes=113428
13:30:33  entities=723   new=666   buffered=1468   flushed=0      bytes=114859
13:30:54  entities=722   new=314   buffered=1782   flushed=0      bytes=114702
13:31:16  entities=724   new=662   buffered=2444   flushed=0      bytes=115017
13:31:38  entities=720   new=515   buffered=2959   flushed=0      bytes=114378
13:31:59  entities=721   new=506   buffered=3465   flushed=0      bytes=114527
13:32:21  entities=720   new=497   buffered=3962   flushed=0      bytes=114370
13:32:42  entities=721   new=495   buffered=4457   flushed=0      bytes=114524
13:33:02  entities=718   new=656   buffered=0      flushed=5113   bytes=114045
13:33:23  entities=720   new=308   buffered=308    flushed=0      bytes=114362
13:33:43  entities=722   new=516   buffered=824    flushed=0      bytes=114677
13:34:03  entities=721   new=656   buffered=1480   flushed=0      bytes=114513
13:34:24  entities=722   new=308   buffered=1788   flushed=0      bytes=114668
13:34:44  entities=724   new=657   buffered=2445   flushed=0      bytes=114994
13:35:05  entities=725   new=477   buffered=2922   flushed=0      bytes=115157
13:35:25  entities=721   new=514   buffered=3436   flushed=0      bytes=114512
13:36:07  entities=720   new=661   buffered=4097   flushed=0      bytes=114356
13:36:28  entities=722   new=286   buffered=4383   flushed=0      bytes=114686
13:36:48  entities=719   new=660   buffered=0      flushed=5043   bytes=114199
13:37:09  entities=721   new=517   buffered=517    flushed=0      bytes=114517
13:37:30  entities=724   new=289   buffered=806    flushed=0      bytes=114997
13:37:50  entities=721   new=491   buffered=1297   flushed=0      bytes=114526
13:38:10  entities=720   new=661   buffered=1958   flushed=0      bytes=114366
13:38:30  entities=724   new=307   buffered=2265   flushed=0      bytes=114986
13:38:51  entities=723   new=511   buffered=2776   flushed=0      bytes=114838
13:39:11  entities=725   new=666   buffered=3442   flushed=0      bytes=115145
13:39:52  entities=724   new=665   buffered=4107   flushed=0      bytes=114989
13:40:12  entities=728   new=512   buffered=4619   flushed=0      bytes=115628
13:40:32  entities=728   new=673   buffered=0      flushed=5292   bytes=115613
13:40:52  entities=728   new=512   buffered=512    flushed=0      bytes=115617
13:41:13  entities=728   new=327   buffered=839    flushed=0      bytes=115623
13:41:33  entities=727   new=656   buffered=1495   flushed=0      bytes=115465
13:41:54  entities=726   new=298   buffered=1793   flushed=0      bytes=115302
13:42:14  entities=728   new=0     buffered=1793   flushed=0      bytes=115617
13:42:34  entities=722   new=664   buffered=2457   flushed=0      bytes=114655
13:42:55  entities=717   new=658   buffered=3115   flushed=0      bytes=113868
13:43:15  entities=712   new=507   buffered=3622   flushed=0      bytes=113067
13:43:36  entities=714   new=658   buffered=4280   flushed=0      bytes=113380
13:43:58  entities=710   new=297   buffered=4577   flushed=0      bytes=112748
13:44:18  entities=705   new=641   buffered=0      flushed=5218   bytes=111943
13:44:39  entities=708   new=508   buffered=508    flushed=0      bytes=112413
13:44:59  entities=705   new=482   buffered=990    flushed=0      bytes=111945
13:45:20  entities=705   new=651   buffered=1641   flushed=0      bytes=111946
13:45:41  entities=707   new=323   buffered=1964   flushed=0      bytes=112262
13:46:02  entities=707   new=654   buffered=2618   flushed=0      bytes=112268
13:46:22  entities=710   new=298   buffered=2916   flushed=0      bytes=112749
13:46:43  entities=714   new=316   buffered=3232   flushed=0      bytes=113381
13:47:03  entities=713   new=659   buffered=3891   flushed=0      bytes=113223
13:47:24  entities=710   new=292   buffered=4183   flushed=0      bytes=112739
13:47:44  entities=711   new=513   buffered=4696   flushed=0      bytes=112897
13:48:05  entities=714   new=664   buffered=0      flushed=5360   bytes=113375
13:48:26  entities=713   new=307   buffered=307    flushed=0      bytes=113210
13:48:46  entities=715   new=660   buffered=967    flushed=0      bytes=113537
13:49:27  entities=715   new=664   buffered=1631   flushed=0      bytes=113530
13:49:47  entities=713   new=495   buffered=2126   flushed=0      bytes=113212
13:50:09  entities=712   new=311   buffered=2437   flushed=0      bytes=113051
13:50:29  entities=718   new=670   buffered=3107   flushed=0      bytes=114001
13:50:49  entities=712   new=502   buffered=3609   flushed=0      bytes=113048
13:51:10  entities=712   new=504   buffered=4113   flushed=0      bytes=113056
13:51:30  entities=711   new=291   buffered=4404   flushed=0      bytes=112907
13:51:50  entities=710   new=655   buffered=0      flushed=5059   bytes=112742
13:52:11  entities=712   new=505   buffered=505    flushed=0      bytes=113061
13:52:31  entities=711   new=148   buffered=653    flushed=0      bytes=112901
13:52:51  entities=712   new=661   buffered=1314   flushed=0      bytes=113048
13:53:11  entities=709   new=497   buffered=1811   flushed=0      bytes=112579
13:53:31  entities=707   new=320   buffered=2131   flushed=0      bytes=112266
13:53:52  entities=708   new=655   buffered=2786   flushed=0      bytes=112428
13:54:12  entities=709   new=487   buffered=3273   flushed=0      bytes=112587
13:54:32  entities=707   new=655   buffered=3928   flushed=0      bytes=112267
13:54:53  entities=703   new=323   buffered=4251   flushed=0      bytes=111632
13:55:14  entities=703   new=485   buffered=4736   flushed=0      bytes=111630
13:55:35  entities=705   new=512   buffered=0      flushed=5248   bytes=111942
13:55:56  entities=709   new=489   buffered=489    flushed=0      bytes=112572
13:56:18  entities=714   new=614   buffered=1103   flushed=0      bytes=113354
13:56:39  entities=715   new=194   buffered=1297   flushed=0      bytes=113504
13:57:00  entities=710   new=378   buffered=1675   flushed=0      bytes=112717
13:57:20  entities=706   new=333   buffered=2008   flushed=0      bytes=112080
13:57:40  entities=707   new=302   buffered=2310   flushed=0      bytes=112242
13:58:02  entities=711   new=661   buffered=2971   flushed=0      bytes=112895
13:58:23  entities=717   new=318   buffered=3289   flushed=0      bytes=113852
13:58:43  entities=717   new=490   buffered=3779   flushed=0      bytes=113853
13:59:03  entities=720   new=660   buffered=4439   flushed=0      bytes=114332
13:59:24  entities=717   new=296   buffered=4735   flushed=0      bytes=113862
13:59:45  entities=716   new=659   buffered=0      flushed=5394   bytes=113703
14:00:26  entities=721   new=668   buffered=668    flushed=0      bytes=114503
14:00:46  entities=724   new=500   buffered=1168   flushed=0      bytes=114980
14:01:07  entities=724   new=325   buffered=1493   flushed=0      bytes=114982
14:01:27  entities=720   new=665   buffered=2158   flushed=0      bytes=114347
14:01:48  entities=716   new=485   buffered=2643   flushed=0      bytes=113707
14:02:08  entities=718   new=509   buffered=3152   flushed=0      bytes=114029
14:02:29  entities=715   new=317   buffered=3469   flushed=0      bytes=113555
14:02:49  entities=719   new=499   buffered=3968   flushed=0      bytes=114183
14:03:09  entities=715   new=656   buffered=4624   flushed=0      bytes=113537
14:03:30  entities=715   new=332   buffered=4956   flushed=0      bytes=113530
14:03:50  entities=716   new=657   buffered=0      flushed=5613   bytes=113681
14:04:10  entities=718   new=485   buffered=485    flushed=0      bytes=113982
14:04:31  entities=719   new=491   buffered=976    flushed=0      bytes=114145
14:04:51  entities=720   new=299   buffered=1275   flushed=0      bytes=114301
14:05:11  entities=718   new=659   buffered=1934   flushed=0      bytes=113990
14:05:32  entities=720   new=310   buffered=2244   flushed=0      bytes=114308
14:05:52  entities=723   new=481   buffered=2725   flushed=0      bytes=114783
14:06:13  entities=722   new=660   buffered=3385   flushed=0      bytes=114629
14:06:33  entities=725   new=338   buffered=3723   flushed=0      bytes=115110
14:06:54  entities=724   new=303   buffered=4026   flushed=0      bytes=114953
14:07:14  entities=722   new=659   buffered=4685   flushed=0      bytes=114635
14:07:34  entities=722   new=659   buffered=0      flushed=5344   bytes=114626
14:07:55  entities=723   new=503   buffered=503    flushed=0      bytes=114795
14:08:17  entities=722   new=306   buffered=809    flushed=0      bytes=114636
14:08:37  entities=721   new=659   buffered=1468   flushed=0      bytes=114478
14:08:57  entities=722   new=327   buffered=1795   flushed=0      bytes=114637
14:09:17  entities=724   new=499   buffered=2294   flushed=0      bytes=114956
14:15:13  entities=722   new=681   buffered=2975   flushed=0      bytes=114634
14:15:33  entities=724   new=670   buffered=3645   flushed=0      bytes=114952
14:15:54  entities=727   new=295   buffered=3940   flushed=0      bytes=115429
14:16:15  entities=727   new=522   buffered=4462   flushed=0      bytes=115420
14:16:35  entities=723   new=294   buffered=4756   flushed=0      bytes=114785
14:23:51  entities=718   new=690   buffered=0      flushed=5446   bytes=114015
14:24:11  entities=717   new=510   buffered=510    flushed=0      bytes=113845
14:24:31  entities=720   new=671   buffered=1181   flushed=0      bytes=114312
14:24:53  entities=720   new=330   buffered=1511   flushed=0      bytes=114304
14:25:13  entities=719   new=513   buffered=2024   flushed=0      bytes=114148
14:25:33  entities=723   new=678   buffered=2702   flushed=0      bytes=114780
14:25:54  entities=724   new=329   buffered=3031   flushed=0      bytes=114942
14:26:15  entities=721   new=523   buffered=3554   flushed=0      bytes=114463
14:26:35  entities=723   new=510   buffered=4064   flushed=0      bytes=114781
14:26:55  entities=722   new=516   buffered=4580   flushed=0      bytes=114609
14:27:15  entities=722   new=509   buffered=0      flushed=5089   bytes=114612
14:27:36  entities=724   new=534   buffered=534    flushed=0      bytes=114933
14:27:56  entities=722   new=676   buffered=1210   flushed=0      bytes=114612
14:28:18  entities=723   new=304   buffered=1514   flushed=0      bytes=114776
14:28:38  entities=721   new=675   buffered=2189   flushed=0      bytes=114465
14:28:59  entities=721   new=320   buffered=2509   flushed=0      bytes=114469
14:29:19  entities=723   new=677   buffered=3186   flushed=0      bytes=114781
14:29:40  entities=723   new=506   buffered=3692   flushed=0      bytes=114780
14:34:25  entities=735   new=704   buffered=4396   flushed=0      bytes=116682
14:34:46  entities=734   new=505   buffered=4901   flushed=0      bytes=116513
14:35:06  entities=733   new=692   buffered=0      flushed=5593   bytes=116369
14:35:26  entities=733   new=329   buffered=329    flushed=0      bytes=116357
14:35:46  entities=731   new=691   buffered=1020   flushed=0      bytes=116048
14:36:07  entities=727   new=510   buffered=1530   flushed=0      bytes=115415
14:36:27  entities=728   new=540   buffered=2070   flushed=0      bytes=115565
14:36:47  entities=729   new=328   buffered=2398   flushed=0      bytes=115731
14:37:08  entities=731   new=689   buffered=3087   flushed=0      bytes=116049
14:37:28  entities=729   new=321   buffered=3408   flushed=0      bytes=115726
14:37:48  entities=728   new=685   buffered=4093   flushed=0      bytes=115575
14:38:09  entities=728   new=513   buffered=4606   flushed=0      bytes=115579
14:38:30  entities=725   new=521   buffered=0      flushed=5127   bytes=115099
14:38:50  entities=730   new=537   buffered=537    flushed=0      bytes=115890
14:39:10  entities=730   new=512   buffered=1049   flushed=0      bytes=115895
14:39:31  entities=726   new=523   buffered=1572   flushed=0      bytes=115259
14:39:51  entities=726   new=523   buffered=2095   flushed=0      bytes=115260
14:40:11  entities=726   new=479   buffered=2574   flushed=0      bytes=115264
14:40:32  entities=723   new=681   buffered=3255   flushed=0      bytes=114780
14:40:53  entities=723   new=313   buffered=3568   flushed=0      bytes=114782
14:41:13  entities=720   new=339   buffered=3907   flushed=0      bytes=114306
14:41:33  entities=717   new=678   buffered=4585   flushed=0      bytes=113816
14:41:53  entities=718   new=325   buffered=4910   flushed=0      bytes=113981
14:42:14  entities=711   new=672   buffered=0      flushed=5582   bytes=112854
14:42:34  entities=713   new=308   buffered=308    flushed=0      bytes=113174
14:42:54  entities=717   new=505   buffered=813    flushed=0      bytes=113807
14:43:15  entities=713   new=516   buffered=1329   flushed=0      bytes=113171
14:43:35  entities=712   new=672   buffered=2001   flushed=0      bytes=113027
14:43:55  entities=714   new=508   buffered=2509   flushed=0      bytes=113342
14:44:15  entities=712   new=523   buffered=3032   flushed=0      bytes=113028
14:44:36  entities=715   new=320   buffered=3352   flushed=0      bytes=113497
14:44:56  entities=714   new=675   buffered=4027   flushed=0      bytes=113345
14:45:16  entities=714   new=513   buffered=4540   flushed=0      bytes=113343
14:45:37  entities=715   new=304   buffered=4844   flushed=0      bytes=113501
14:45:57  entities=713   new=671   buffered=0      flushed=5515   bytes=113170
14:46:17  entities=715   new=302   buffered=302    flushed=0      bytes=113479
14:46:37  entities=716   new=516   buffered=818    flushed=0      bytes=113644
14:46:57  entities=719   new=673   buffered=1491   flushed=0      bytes=114123
14:47:18  entities=717   new=504   buffered=1995   flushed=0      bytes=113800
14:47:39  entities=719   new=301   buffered=2296   flushed=0      bytes=114124
14:47:59  entities=715   new=513   buffered=2809   flushed=0      bytes=113494
14:48:19  entities=713   new=667   buffered=3476   flushed=0      bytes=113189
14:48:40  entities=711   new=506   buffered=3982   flushed=0      bytes=112880
14:49:00  entities=716   new=536   buffered=4518   flushed=0      bytes=113666
14:49:20  entities=716   new=267   buffered=4785   flushed=0      bytes=113669
14:49:40  entities=720   new=677   buffered=0      flushed=5462   bytes=114299
14:50:01  entities=720   new=676   buffered=676    flushed=0      bytes=114294
14:50:21  entities=719   new=506   buffered=1182   flushed=0      bytes=114128
14:50:43  entities=721   new=330   buffered=1512   flushed=0      bytes=114444
14:51:03  entities=722   new=678   buffered=2190   flushed=0      bytes=114623
14:51:24  entities=721   new=291   buffered=2481   flushed=0      bytes=114461
14:51:44  entities=724   new=530   buffered=3011   flushed=0      bytes=114951
14:52:04  entities=721   new=675   buffered=3686   flushed=0      bytes=114473
14:52:25  entities=720   new=304   buffered=3990   flushed=0      bytes=114305
14:52:45  entities=721   new=519   buffered=4509   flushed=0      bytes=114463
14:53:05  entities=719   new=680   buffered=0      flushed=5189   bytes=114150
14:53:26  entities=721   new=319   buffered=319    flushed=0      bytes=114462
14:53:46  entities=721   new=516   buffered=835    flushed=0      bytes=114461
14:54:06  entities=722   new=686   buffered=1521   flushed=0      bytes=114602
14:54:27  entities=723   new=318   buffered=1839   flushed=0      bytes=114769
14:54:47  entities=724   new=685   buffered=2524   flushed=0      bytes=114923
14:55:08  entities=720   new=519   buffered=3043   flushed=0      bytes=114293
14:55:28  entities=724   new=308   buffered=3351   flushed=0      bytes=114931
14:55:48  entities=731   new=693   buffered=4044   flushed=0      bytes=116056
14:56:08  entities=734   new=521   buffered=4565   flushed=0      bytes=116540
14:56:29  entities=732   new=332   buffered=4897   flushed=0      bytes=116225
14:56:49  entities=730   new=535   buffered=0      flushed=5432   bytes=115898
14:57:09  entities=727   new=689   buffered=689    flushed=0      bytes=115423
14:57:29  entities=727   new=517   buffered=1206   flushed=0      bytes=115429
14:57:50  entities=722   new=669   buffered=1875   flushed=0      bytes=114638
14:58:10  entities=723   new=353   buffered=2228   flushed=0      bytes=114803
14:58:30  entities=725   new=306   buffered=2534   flushed=0      bytes=115122
14:58:51  entities=725   new=688   buffered=3222   flushed=0      bytes=115125
14:59:11  entities=725   new=498   buffered=3720   flushed=0      bytes=115129
14:59:31  entities=720   new=683   buffered=4403   flushed=0      bytes=114341
14:59:52  entities=719   new=516   buffered=4919   flushed=0      bytes=114189